Performing C SOURCE FILE Test CMAKE_HAVE_LIBC_PTHREAD failed with the following output:
Change Dir: /home/orangepi/Desktop/yolov8-rk3588-cpp-3-15/lxmyzzs-main-RK3588-yamnet/RK3588/yamnet/cpp/build/CMakeFiles/CMakeTmp

Run Build Command(s):/usr/bin/make cmTC_543e9/fast && /usr/bin/make -f CMakeFiles/cmTC_543e9.dir/build.make CMakeFiles/cmTC_543e9.dir/build
make[1]: 进入目录“/home/orangepi/Desktop/yolov8-rk3588-cpp-3-15/lxmyzzs-main-RK3588-yamnet/RK3588/yamnet/cpp/build/CMakeFiles/CMakeTmp”
Building C object CMakeFiles/cmTC_543e9.dir/src.c.o
/usr/bin/cc   -DCMAKE_HAVE_LIBC_PTHREAD   -o CMakeFiles/cmTC_543e9.dir/src.c.o   -c /home/orangepi/Desktop/yolov8-rk3588-cpp-3-15/lxmyzzs-main-RK3588-yamnet/RK3588/yamnet/cpp/build/CMakeFiles/CMakeTmp/src.c
Linking C executable cmTC_543e9
/usr/bin/cmake -E cmake_link_script CMakeFiles/cmTC_543e9.dir/link.txt --verbose=1
/usr/bin/cc  -DCMAKE_HAVE_LIBC_PTHREAD    CMakeFiles/cmTC_543e9.dir/src.c.o  -o cmTC_543e9 
/usr/bin/ld: CMakeFiles/cmTC_543e9.dir/src.c.o: in function `main':
src.c:(.text+0x48): undefined reference to `pthread_create'
/usr/bin/ld: src.c:(.text+0x50): undefined reference to `pthread_detach'
/usr/bin/ld: src.c:(.text+0x5c): undefined reference to `pthread_join'
collect2: error: ld returned 1 exit status
make[1]: *** [CMakeFiles/cmTC_543e9.dir/build.make:87：cmTC_543e9] 错误 1
make[1]: 离开目录“/home/orangepi/Desktop/yolov8-rk3588-cpp-3-15/lxmyzzs-main-RK3588-yamnet/RK3588/yamnet/cpp/build/CMakeFiles/CMakeTmp”
make: *** [Makefile:121：cmTC_543e9/fast] 错误 2


Source file was:
#include <pthread.h>

void* test_func(void* data)
{
  return data;
}

int main(void)
{
  pthread_t thread;
  pthread_create(&thread, NULL, test_func, NULL);
  pthread_detach(thread);
  pthread_join(thread, NULL);
  pthread_atfork(NULL, NULL, NULL);
  pthread_exit(NULL);

  return 0;
}

